// Jest Snapshot v1, https://goo.gl/fbAQLP

exports[`can be initialized 1`] = `
<div
  data-testid="ScatterBrained"
>
  <span>
    {
  "displayed": false,
  "participants": {}
}
  </span>
</div>
`;
