// Jest Snapshot v1, https://goo.gl/fbAQLP

exports[`can alter application state 1`] = `
<div
  data-testid="ScatterBrained"
>
  <span />
</div>
`;
